// Jest Snapshot v1, https://goo.gl/fbAQLP

exports[`<LandingPage> renders LandingPage component without crashing 1`] = `ShallowWrapper {}`;
